---
source: lib/ui-component/src/select.rs
expression: html
---
<div tabindex="-1" class="relative inline-block outline-none"><button class="flex items-center justify-between w-full"><!--bo-TypeId(0xa1895c4dc33b08d99ab04f8bea40589e)--><span>Select...</span><!--bc-TypeId(0xa1895c4dc33b08d99ab04f8bea40589e)--></button><!--bo-1--><!--bo-TypeId(0x41223169ff28813ba79b7268a2a968d9)--><!><!--<() />--><!--bc-TypeId(0x41223169ff28813ba79b7268a2a968d9)--><!--bc-1--></div>
