---
source: lib/ui-component/src/accordion.rs
expression: html
---
<div class="flex flex-col w-full"><div class="flex flex-row items-center gap-2 w-full"><button role="button" class="flex items-center justify-center rounded-md border border-white/10 bg-white/10 hover:bg-white/20 transition-colors"><img src="/assets/icons/chevron-right.svg" class="w-4 h-4 transition-transform duration-200 opacity-60 rotate-90"></button><!--bo-TypeId(0xab76366fc6ee0b6f1c1f6c5fe9f7e439)-->Section<!--bc-TypeId(0xab76366fc6ee0b6f1c1f6c5fe9f7e439)--></div><div class="flex flex-col pl-4 border-l border-white/10 mt-1"><!--bo-TypeId(0xd0364c2a3ea23a5c06bda43a255cbfda)--><div>Content</div><!--bc-TypeId(0xd0364c2a3ea23a5c06bda43a255cbfda)--></div></div>
