---
source: lib/ui-component/src/accordion.rs
expression: html
---
<div class="flex flex-col w-full"><button role="button" class="flex flex-row items-center gap-2 w-full rounded-md border border-white/10 transition-colors text-left"><img src="/assets/icons/chevron-right.svg" class="w-4 h-4 transition-transform duration-200 opacity-60 rotate-90"><!--bo-TypeId(0x4d5aeac12ae30dbe1bd7fb06160551fd)-->Section<!--bc-TypeId(0x4d5aeac12ae30dbe1bd7fb06160551fd)--></button><div class="flex flex-col pl-4 border-l border-white/10 mt-1"><!--bo-TypeId(0xeade5286338b9512d7d5f32ea5249058)--><div>Content</div><!--bc-TypeId(0xeade5286338b9512d7d5f32ea5249058)--></div></div>
