---
source: lib/ui-component/src/select.rs
expression: html
---
<div tabindex="-1" class="relative inline-block outline-none"><button class="flex items-center justify-between gap-2 w-full px-3 py-2 rounded-md border border-white/10 bg-black/50 shadow-md backdrop-blur-md hover:bg-black/70 transition-colors"><!--bo-TypeId(0x075366213905c5936f9b67bfeba0de50)--><span>Banana</span><!--bc-TypeId(0x075366213905c5936f9b67bfeba0de50)--></button><!--bo-1--><!--bo-TypeId(0x41223169ff28813ba79b7268a2a968d9)--><!><!--<() />--><!--bc-TypeId(0x41223169ff28813ba79b7268a2a968d9)--><!--bc-1--></div>
